{"sessionId":"98ad6d","runId":"post-fix","hypothesisId":"H-C","location":"ExplorePageClient.tsx:layout","message":"map-first layout once","data":{"hasPin":true,"radiusKm":10,"total":0,"providersLen":0,"mapFirst":true,"vw":2560},"timestamp":1787196630081}
{"sessionId":"98ad6d","runId":"post-fix","hypothesisId":"H-C","location":"ExplorePageClient.tsx:layout","message":"map-first layout once","data":{"hasPin":true,"radiusKm":10,"total":0,"providersLen":0,"mapFirst":true,"vw":2560},"timestamp":1787196630108}
{"sessionId":"98ad6d","runId":"post-fix","hypothesisId":"H-E","location":"ExplorePageClient.tsx:hydrate","message":"center resolved","data":{"source":"url","lat":25.7475,"lng":-100.283,"radiusKm":10,"addressId":null,"isGuest":true,"addressCount":0,"hadUrlPin":true},"timestamp":1787196630220}
{"sessionId":"98ad6d","runId":"post-fix","hypothesisId":"H-A","location":"ExploreMap.tsx:FitCircle","message":"fitBounds for circle","data":{"token":0,"radiusKm":10,"pinLat":25.7475,"pinLng":-100.283},"timestamp":1787196630280}
{"sessionId":"98ad6d","runId":"post-fix","hypothesisId":"H-A","location":"ExploreMap.tsx:FitCircle","message":"fitBounds for circle","data":{"token":0,"radiusKm":10,"pinLat":25.7475,"pinLng":-100.283},"timestamp":1787196630297}
{"sessionId":"98ad6d","runId":"post-fix","hypothesisId":"H-A","location":"ExploreMap.tsx:FitCircle","message":"fitBounds for circle","data":{"token":0,"radiusKm":10,"pinLat":25.7475,"pinLng":-100.283},"timestamp":1787196630332}
{"sessionId":"98ad6d","runId":"post-fix","hypothesisId":"H-A","location":"ExploreMap.tsx:FitCircle","message":"fitBounds for circle","data":{"token":0,"radiusKm":10,"pinLat":25.7475,"pinLng":-100.283},"timestamp":1787196630321}
{"sessionId":"98ad6d","runId":"post-fix","hypothesisId":"H-D","location":"ExplorePageClient.tsx:fetchProviders","message":"providers fetched","data":{"dataLength":20,"metaTotal":24,"metaRadiusKm":10,"page":1,"limit":20,"hasPin":true,"radiusKm":10},"timestamp":1787196630506}
{"sessionId":"98ad6d","runId":"post-fix","hypothesisId":"H-C","location":"ExplorePageClient.tsx:layout","message":"map-first layout once","data":{"hasPin":false,"radiusKm":10,"total":0,"providersLen":0,"mapFirst":true,"vw":2560},"timestamp":1787196668980}
{"sessionId":"98ad6d","runId":"post-fix","hypothesisId":"H-E","location":"ExplorePageClient.tsx:hydrate","message":"center resolved","data":{"source":"san-nicolas","lat":25.7475,"lng":-100.283,"radiusKm":10,"addressId":null,"isGuest":true,"addressCount":0,"hadUrlPin":false},"timestamp":1787196669099}
{"sessionId":"98ad6d","runId":"post-fix","hypothesisId":"H-C","location":"ExplorePageClient.tsx:layout","message":"map-first layout once","data":{"hasPin":true,"radiusKm":10,"total":0,"providersLen":0,"mapFirst":true,"vw":2560},"timestamp":1787196669194}
{"sessionId":"98ad6d","runId":"post-fix","hypothesisId":"H-A","location":"ExploreMap.tsx:FitCircle","message":"fitBounds for circle","data":{"token":0,"radiusKm":10,"pinLat":25.7475,"pinLng":-100.283},"timestamp":1787196669199}
{"sessionId":"98ad6d","runId":"post-fix","hypothesisId":"H-D","location":"ExplorePageClient.tsx:fetchProviders","message":"providers fetched","data":{"dataLength":20,"metaTotal":24,"metaRadiusKm":10,"page":1,"limit":20,"hasPin":true,"radiusKm":10},"timestamp":1787196669371}
{"sessionId":"98ad6d","runId":"post-fix","hypothesisId":"H-C","location":"ExplorePageClient.tsx:layout","message":"map-first layout once","data":{"hasPin":false,"radiusKm":10,"total":0,"providersLen":0,"mapFirst":true,"vw":2560},"timestamp":1787196892351}
{"sessionId":"98ad6d","runId":"post-fix","hypothesisId":"H-E","location":"ExplorePageClient.tsx:hydrate","message":"center resolved","data":{"source":"san-nicolas","lat":25.7475,"lng":-100.283,"radiusKm":10,"addressId":null,"isGuest":true,"addressCount":0,"hadUrlPin":false},"timestamp":1787196893148}
{"sessionId":"98ad6d","runId":"post-fix","hypothesisId":"H-C","location":"ExplorePageClient.tsx:layout","message":"map-first layout once","data":{"hasPin":true,"radiusKm":10,"total":0,"providersLen":0,"mapFirst":true,"vw":2560},"timestamp":1787196893280}
{"sessionId":"98ad6d","runId":"post-fix","hypothesisId":"H-A","location":"ExploreMap.tsx:FitCircle","message":"fitBounds for circle","data":{"token":0,"radiusKm":10,"pinLat":25.7475,"pinLng":-100.283},"timestamp":1787196893283}
{"sessionId":"98ad6d","runId":"post-fix","hypothesisId":"H-D","location":"ExplorePageClient.tsx:fetchProviders","message":"providers fetched","data":{"dataLength":20,"metaTotal":24,"metaRadiusKm":10,"page":1,"limit":20,"hasPin":true,"radiusKm":10},"timestamp":1787196894066}
{"sessionId":"98ad6d","runId":"post-fix","hypothesisId":"H-C","location":"ExplorePageClient.tsx:layout","message":"map-first layout once","data":{"hasPin":false,"radiusKm":10,"total":0,"providersLen":0,"mapFirst":true,"vw":2560},"timestamp":1787196899302}
{"sessionId":"98ad6d","runId":"post-fix","hypothesisId":"H-E","location":"ExplorePageClient.tsx:hydrate","message":"center resolved","data":{"source":"san-nicolas","lat":25.7475,"lng":-100.283,"radiusKm":10,"addressId":null,"isGuest":true,"addressCount":0,"hadUrlPin":false},"timestamp":1787196899428}
{"sessionId":"98ad6d","runId":"post-fix","hypothesisId":"H-C","location":"ExplorePageClient.tsx:layout","message":"map-first layout once","data":{"hasPin":true,"radiusKm":10,"total":0,"providersLen":0,"mapFirst":true,"vw":2560},"timestamp":1787196899511}
{"sessionId":"98ad6d","runId":"post-fix","hypothesisId":"H-A","location":"ExploreMap.tsx:FitCircle","message":"fitBounds for circle","data":{"token":0,"radiusKm":10,"pinLat":25.7475,"pinLng":-100.283},"timestamp":1787196899516}
{"sessionId":"98ad6d","runId":"post-fix","hypothesisId":"H-D","location":"ExplorePageClient.tsx:fetchProviders","message":"providers fetched","data":{"dataLength":20,"metaTotal":24,"metaRadiusKm":10,"page":1,"limit":20,"hasPin":true,"radiusKm":10},"timestamp":1787196899675}
{"sessionId":"98ad6d","runId":"post-fix","hypothesisId":"H-C","location":"ExplorePageClient.tsx:layout","message":"map-first layout once","data":{"hasPin":true,"radiusKm":10,"total":0,"providersLen":0,"mapFirst":true,"vw":2560},"timestamp":1787196916159}
{"sessionId":"98ad6d","runId":"post-fix","hypothesisId":"H-E","location":"ExplorePageClient.tsx:hydrate","message":"center resolved","data":{"source":"url","lat":25.7475,"lng":-100.283,"radiusKm":10,"addressId":null,"isGuest":true,"addressCount":0,"hadUrlPin":true},"timestamp":1787196916243}
{"sessionId":"98ad6d","runId":"post-fix","hypothesisId":"H-A","location":"ExploreMap.tsx:FitCircle","message":"fitBounds for circle","data":{"token":0,"radiusKm":10,"pinLat":25.7475,"pinLng":-100.283},"timestamp":1787196916279}
{"sessionId":"98ad6d","runId":"post-fix","hypothesisId":"H-D","location":"ExplorePageClient.tsx:fetchProviders","message":"providers fetched","data":{"dataLength":20,"metaTotal":24,"metaRadiusKm":10,"page":1,"limit":20,"hasPin":true,"radiusKm":10},"timestamp":1787196916301}
{"sessionId":"98ad6d","runId":"post-fix","hypothesisId":"H-A","location":"ExploreMap.tsx:FitCircle","message":"fitBounds for circle","data":{"token":0,"radiusKm":10,"pinLat":25.7475,"pinLng":-100.283},"timestamp":1787196916289}
{"sessionId":"98ad6d","runId":"post-fix","hypothesisId":"H-C","location":"ExplorePageClient.tsx:layout","message":"map-first layout once","data":{"hasPin":true,"radiusKm":10,"total":0,"providersLen":0,"mapFirst":true,"vw":2560},"timestamp":1787196926964}
{"sessionId":"98ad6d","runId":"post-fix","hypothesisId":"H-E","location":"ExplorePageClient.tsx:hydrate","message":"center resolved","data":{"source":"url","lat":25.7475,"lng":-100.283,"radiusKm":10,"addressId":null,"isGuest":true,"addressCount":0,"hadUrlPin":true},"timestamp":1787196927045}
{"sessionId":"98ad6d","runId":"post-fix","hypothesisId":"H-A","location":"ExploreMap.tsx:FitCircle","message":"fitBounds for circle","data":{"token":0,"radiusKm":10,"pinLat":25.7475,"pinLng":-100.283},"timestamp":1787196927092}
{"sessionId":"98ad6d","runId":"post-fix","hypothesisId":"H-A","location":"ExploreMap.tsx:FitCircle","message":"fitBounds for circle","data":{"token":0,"radiusKm":10,"pinLat":25.7475,"pinLng":-100.283},"timestamp":1787196927101}
{"sessionId":"98ad6d","runId":"post-fix","hypothesisId":"H-D","location":"ExplorePageClient.tsx:fetchProviders","message":"providers fetched","data":{"dataLength":20,"metaTotal":24,"metaRadiusKm":10,"page":1,"limit":20,"hasPin":true,"radiusKm":10},"timestamp":1787196927192}
{"sessionId":"98ad6d","runId":"post-fix","hypothesisId":"H-C","location":"ExplorePageClient.tsx:layout","message":"map-first layout once","data":{"hasPin":false,"radiusKm":10,"total":0,"providersLen":0,"mapFirst":true,"vw":870},"timestamp":1787197535191}
{"sessionId":"98ad6d","runId":"post-fix","hypothesisId":"H-E","location":"ExplorePageClient.tsx:hydrate","message":"center resolved","data":{"source":"san-nicolas","lat":25.7475,"lng":-100.283,"radiusKm":10,"addressId":null,"isGuest":true,"addressCount":0,"hadUrlPin":false},"timestamp":1787197535903}
{"sessionId":"98ad6d","runId":"post-fix","hypothesisId":"H-C","location":"ExplorePageClient.tsx:layout","message":"map-first layout once","data":{"hasPin":true,"radiusKm":10,"total":0,"providersLen":0,"mapFirst":true,"vw":870},"timestamp":1787197536033}
{"sessionId":"98ad6d","runId":"post-fix","hypothesisId":"H-A","location":"ExploreMap.tsx:FitCircle","message":"fitBounds for circle","data":{"token":0,"radiusKm":10,"pinLat":25.7475,"pinLng":-100.283},"timestamp":1787197536049}
{"sessionId":"98ad6d","runId":"post-fix","hypothesisId":"H-C","location":"ExplorePageClient.tsx:layout","message":"map-first layout once","data":{"hasPin":true,"radiusKm":10,"total":0,"providersLen":0,"mapFirst":true,"vw":870},"timestamp":1787197537249}
{"sessionId":"98ad6d","runId":"post-fix","hypothesisId":"H-E","location":"ExplorePageClient.tsx:hydrate","message":"center resolved","data":{"source":"url","lat":25.7475,"lng":-100.283,"radiusKm":10,"addressId":null,"isGuest":true,"addressCount":0,"hadUrlPin":true},"timestamp":1787197537359}
{"sessionId":"98ad6d","runId":"post-fix","hypothesisId":"H-A","location":"ExploreMap.tsx:FitCircle","message":"fitBounds for circle","data":{"token":0,"radiusKm":10,"pinLat":25.7475,"pinLng":-100.283},"timestamp":1787197537436}
{"sessionId":"98ad6d","runId":"post-fix","hypothesisId":"H-A","location":"ExploreMap.tsx:FitCircle","message":"fitBounds for circle","data":{"token":0,"radiusKm":10,"pinLat":25.7475,"pinLng":-100.283},"timestamp":1787197537464}
{"sessionId":"98ad6d","runId":"post-fix","hypothesisId":"H-D","location":"ExplorePageClient.tsx:fetchProviders","message":"providers fetched","data":{"dataLength":20,"metaTotal":24,"metaRadiusKm":10,"page":1,"limit":20,"hasPin":true,"radiusKm":10},"timestamp":1787197537518}
